// Jest Snapshot v1, https://goo.gl/fbAQLP

exports[`PasswordIssuanceForm test snapshot 1`] = `
<RecoilRoot>
  <RecoilRoot_INTERNAL>
    <Batcher
      setNotifyBatcherOfChange={[Function]}
    />
    <Component
      theme={
        Object {
          "breakpoints": Object {
            "pc": Infinity,
            "pcSm": 1280,
            "sp": 640,
          },
          "layout": Object {
            "pc": Object {
              "containerWidth": "1280px",
              "content": Object {
                "titleHeight": "240px",
                "width": "1280px",
                "xPadding": "20px",
              },
              "footerHeight": "250px",
              "headerDenseHeight": "56px",
              "headerFixedPos": 200,
              "headerHeight": "80px",
              "heroHeight": "420px",
              "pankuzuHeight": "40px",
            },
            "sp": Object {
              "containerWidth": "375px",
              "content": Object {
                "titleHeight": "120px",
                "width": "100%",
                "xPadding": "20px",
              },
              "footerHeight": "40px",
              "headerDenseHeight": "60px",
              "headerFixedPos": 100,
              "headerHeight": "60px",
              "heroHeight": "230px",
              "pankuzuHeight": "20px",
            },
          },
          "palette": Object {
            "black": Object {
              "contrastText": "#fff",
              "main": "#333",
            },
            "lightGray": Object {
              "contrastText": "#333",
              "dark": "#cfcfcf",
              "main": "#efefef",
            },
            "primary": Object {
              "contrastText": "#fff",
              "main": "#09869a",
            },
            "secondary": Object {
              "contrastText": "#fff",
              "main": "#03182b",
            },
            "white": Object {
              "contrastText": "#333",
              "main": "#fff",
            },
          },
          "text": Object {
            "disabled": "#c0c0c0",
            "placeholder": "#757575",
            "primary": "#333",
            "white": "#fff",
          },
        }
      }
    >
      <Memo(PasswordIssuanceForm)
        email="test@test.com"
        setEmail={
          [MockFunction] {
            "calls": Array [
              Array [
                "test@test.com",
              ],
            ],
            "results": Array [
              Object {
                "type": "return",
                "value": undefined,
              },
            ],
          }
        }
      >
        <styled.div>
          <div
            className="sc-gtsrHT ixkiJv"
          >
            <styled.p>
              <p
                className="sc-dlnjwi iUWSvF"
              />
            </styled.p>
            <form
              onSubmit={[Function]}
            >
              <styled.input
                editable={true}
                onChange={[Function]}
                placeholder="メールアドレス"
                type="email"
                value="test@test.com"
                visible={false}
              >
                <input
                  className="sc-hKFxyN fhRRGw"
                  onChange={[Function]}
                  placeholder="メールアドレス"
                  type="email"
                  value="test@test.com"
                />
              </styled.input>
              <styled.button
                background="dark"
                marginTop={40}
                type="submit"
              >
                <button
                  className="sc-bdnxRM gkxubh"
                  type="submit"
                >
                  送信
                </button>
              </styled.button>
            </form>
          </div>
        </styled.div>
      </Memo(PasswordIssuanceForm)>
    </Component>
  </RecoilRoot_INTERNAL>
</RecoilRoot>
`;
